// Jest Snapshot v1, https://goo.gl/fbAQLP

exports[`renders correctly 1`] = `
<RNCSafeAreaView
  edges={
    Array [
      "top",
      "left",
      "right",
    ]
  }
  style={
    Object {
      "flex": 1,
    }
  }
>
  <View
    style={
      Array [
        Object {
          "alignItems": "flex-end",
          "backgroundColor": "#F9FAFC",
          "flexDirection": "row-reverse",
          "height": 56,
          "justifyContent": "flex-start",
          "paddingLeft": 24,
          "width": "100%",
        },
        undefined,
      ]
    }
  >
    <RNGestureHandlerButton
      activeOpacity={0.3}
      borderless={true}
      collapsable={false}
      hitSlop={
        Object {
          "horizontal": 10,
          "vertical": 10,
        }
      }
      onActiveStateChange={[Function]}
      onGestureEvent={[Function]}
      onGestureHandlerEvent={[Function]}
      onGestureHandlerStateChange={[Function]}
      onHandlerStateChange={[Function]}
      onPress={[MockFunction]}
      rippleColor={1714763061}
      style={
        Object {
          "opacity": 1,
          "paddingBottom": 4,
        }
      }
    >
      <Image
        resizeMode="contain"
        source={1}
        style={
          Object {
            "height": 24,
            "width": 24,
          }
        }
      />
    </RNGestureHandlerButton>
    <Text
      mode="boldBody16"
      style={
        Array [
          Array [
            Object {
              "fontFamily": "Dana-Bold",
              "fontSize": 16,
            },
            Array [
              Object {
                "marginRight": 16,
              },
              undefined,
            ],
          ],
        ]
      }
    >
      درباره ما
    </Text>
  </View>
  <View
    headerTitle="درباره ما"
    style={
      Array [
        Object {
          "backgroundColor": "#F9FAFC",
          "flex": 1,
          "paddingBottom": 40,
          "paddingTop": 32,
        },
        undefined,
        undefined,
      ]
    }
  >
    <RCTScrollView
      contentContainerStyle={
        Array [
          undefined,
          undefined,
        ]
      }
      style={
        Array [
          Object {
            "backgroundColor": "#F9FAFC",
            "flex": 1,
          },
          undefined,
          undefined,
        ]
      }
    >
      <View>
        <View>
          <View
            style={
              Object {
                "alignItems": "center",
                "height": 100,
                "justifyContent": "center",
                "width": "100%",
              }
            }
          >
            <Image
              resizeMode="contain"
              source={1}
              style={
                Object {
                  "height": 93,
                  "width": 87,
                }
              }
            />
          </View>
        </View>
        <View>
          <View
            style={
              Object {
                "alignSelf": "center",
                "justifyContent": "center",
                "minHeight": 400,
                "width": "90%",
              }
            }
          >
            <Text
              mode="mediumBody18"
              style={
                Array [
                  Array [
                    Object {
                      "fontFamily": "Dana-Medium",
                      "fontSize": 18,
                    },
                    Object {
                      "color": "#676773",
                      "textAlign": "right",
                    },
                  ],
                ]
              }
            >
              دنج اپلیکیشنی برای سلامتی ذهن و بدن شماست. در شرایط زندگی امروزی پیدا کردن زمانی برای اینکه قدری تمرکز کنیم و کمتر در افکار غرق باشیم تبدیل شده به یه کار خیلی سخت. ما باور داریم خالی کردن ۱۰ دقیقه در روز برای مدیتیشن امکان‌پذیره. هدف ما در دنج اینه که این فرصت رو به بهترین شکل براتون ایجاد کنیم. در دنج از اپ‌های Calm، Waking Up و Headspace استفاده شده و ترجمه تمام مدیتیشن‌ها در تیم دنج انجام گرفته. برخی از جلسات هم توسط تیم دنج نوشته شده‌اند. با دنج لذت حضور رو تجربه کنید. 
            </Text>
          </View>
        </View>
        <View>
          <View
            style={
              Object {
                "alignItems": "center",
                "height": 140,
                "justifyContent": "space-between",
                "width": "100%",
              }
            }
          >
            <View
              style={
                Array [
                  Object {
                    "alignItems": "center",
                    "backgroundColor": "transparent",
                    "borderColor": "#7766C6",
                    "borderRadius": 8,
                    "borderWidth": 0,
                    "flexDirection": "row-reverse",
                    "height": 36,
                    "justifyContent": "center",
                    "maxWidth": 390,
                    "minWidth": 120,
                    "overflow": "hidden",
                    "paddingHorizontal": 4,
                  },
                ]
              }
            >
              <Text
                mode="boldBody16"
                style={
                  Array [
                    Array [
                      Object {
                        "fontFamily": "Dana-Bold",
                        "fontSize": 16,
                      },
                      Object {
                        "color": "#7766C6",
                      },
                    ],
                  ]
                }
              >
                قوانین دنج
              </Text>
              <RNGestureHandlerButton
                activeOpacity={0.105}
                collapsable={false}
                onActiveStateChange={[Function]}
                onGestureEvent={[Function]}
                onGestureHandlerEvent={[Function]}
                onGestureHandlerStateChange={[Function]}
                onHandlerStateChange={[Function]}
                onPress={[Function]}
                rippleColor={4293586420}
                style={
                  Object {
                    "bottom": 0,
                    "left": 0,
                    "position": "absolute",
                    "right": 0,
                    "top": 0,
                  }
                }
                underlayColor="black"
              >
                <View
                  style={
                    Object {
                      "backgroundColor": "black",
                      "borderBottomLeftRadius": undefined,
                      "borderBottomRightRadius": undefined,
                      "borderRadius": undefined,
                      "borderTopLeftRadius": undefined,
                      "borderTopRightRadius": undefined,
                      "bottom": 0,
                      "left": 0,
                      "opacity": 0,
                      "position": "absolute",
                      "right": 0,
                      "top": 0,
                    }
                  }
                />
              </RNGestureHandlerButton>
            </View>
            <Text
              mode="regularSub12"
              style={
                Array [
                  Array [
                    Object {
                      "fontFamily": "Dana-Regular",
                      "fontSize": 12,
                    },
                    Object {
                      "bottom": 12,
                      "color": "#A6A6B3",
                    },
                  ],
                ]
              }
            >
              نسخه ۲.۳.۰
            </Text>
            <View
              style={
                Array [
                  Object {
                    "alignItems": "center",
                    "backgroundColor": "#7766C6",
                    "borderColor": "#7766C6",
                    "borderRadius": 8,
                    "borderWidth": 0,
                    "flexDirection": "row-reverse",
                    "height": 53,
                    "justifyContent": "center",
                    "maxWidth": 645,
                    "minWidth": 675,
                    "overflow": "hidden",
                    "paddingHorizontal": 4,
                  },
                ]
              }
            >
              <Text
                mode="boldBody18"
                numberOfLines={1}
                style={
                  Array [
                    Array [
                      Object {
                        "fontFamily": "Dana-Bold",
                        "fontSize": 18,
                      },
                      Object {
                        "color": "white",
                        "marginHorizontal": 4,
                      },
                    ],
                  ]
                }
              >
                تماس با ما
              </Text>
              <RNGestureHandlerButton
                activeOpacity={0.105}
                collapsable={false}
                onActiveStateChange={[Function]}
                onGestureEvent={[Function]}
                onGestureHandlerEvent={[Function]}
                onGestureHandlerStateChange={[Function]}
                onHandlerStateChange={[Function]}
                onPress={[Function]}
                rippleColor={4293586420}
                style={
                  Object {
                    "bottom": 0,
                    "left": 0,
                    "position": "absolute",
                    "right": 0,
                    "top": 0,
                  }
                }
                underlayColor="black"
              >
                <View
                  style={
                    Object {
                      "backgroundColor": "black",
                      "borderBottomLeftRadius": undefined,
                      "borderBottomRightRadius": undefined,
                      "borderRadius": undefined,
                      "borderTopLeftRadius": undefined,
                      "borderTopRightRadius": undefined,
                      "bottom": 0,
                      "left": 0,
                      "opacity": 0,
                      "position": "absolute",
                      "right": 0,
                      "top": 0,
                    }
                  }
                />
              </RNGestureHandlerButton>
            </View>
          </View>
        </View>
      </View>
    </RCTScrollView>
  </View>
</RNCSafeAreaView>
`;
