// Jest Snapshot v1, https://goo.gl/fbAQLP

exports[`renders correctly 1`] = `
<RNCSafeAreaView
  edges={
    Array [
      "top",
      "left",
      "right",
    ]
  }
  style={
    Object {
      "flex": 1,
    }
  }
>
  <View
    style={
      Array [
        Object {
          "backgroundColor": "#F9FAFC",
          "flex": 1,
          "paddingBottom": 40,
          "paddingTop": 32,
        },
        undefined,
        undefined,
      ]
    }
  >
    <View
      style={
        Object {
          "height": 50,
          "right": 24,
          "width": "100%",
        }
      }
    >
      <Text
        mode="boldBody16"
        style={
          Array [
            Array [
              Object {
                "fontFamily": "Dana-Bold",
                "fontSize": 16,
              },
              Object {
                "textAlign": "right",
              },
            ],
          ]
        }
      >
        مدیتیشن موضوعی
      </Text>
    </View>
    <RCTScrollView
      contentContainerStyle={
        Array [
          undefined,
          undefined,
        ]
      }
      style={
        Array [
          Object {
            "backgroundColor": "#F9FAFC",
            "flex": 1,
          },
          undefined,
          undefined,
        ]
      }
    >
      <View>
        <View
          style={
            Object {
              "alignItems": "center",
              "justifyContent": "center",
              "marginTop": 20,
              "width": 750,
            }
          }
        >
          <Text
            mode="boldBody16"
            style={
              Array [
                Array [
                  Object {
                    "fontFamily": "Dana-Bold",
                    "fontSize": 16,
                  },
                  Object {
                    "textAlign": "right",
                  },
                ],
              ]
            }
          >
            در حال بارگذاری...
          </Text>
        </View>
      </View>
    </RCTScrollView>
  </View>
</RNCSafeAreaView>
`;
